djwcb
-1
djwcb
-1
djwcb
-1
djwcb
-1
djwcb
-1
djwcb
-1
djwnb
0
djwcb
-1
djwcb
-1
djwcb
-1
djwcb
-1
djwcb
-1
djwcb
-1
djwcb
-1
djwcb
-1
djwcb
-1
djwcb
-1
djwcb
-1
djwcb
-1
djwcb
-1
djwnb
0
djwcb
-1
djwnb
0
djwnb
2
djwcb
-1
djwcb
-1
djwnb
0
djwcb
-1
djwcb
-1
djwcb
-1
djwcb
-1
djwcb
-1
djwcb
-1
djwcb
-1
djwcb
-1
djwcb
-1
djwnb
0
djwcb
-1
djwcb
-1
djwcb
-1
djwcb
-1
djwcb
-1
djwcb
-1
djwcb
-1
djwcb
-1
djwcb
-1
djwcb
-1
djwcb
-1
djwcb
-1
djwcb
-1
djwcb
-1
djwcb
-1
djwcb
-1
djwcb
-1
djwcb
-1
djwcb
-1
djwcb
-1
djwcb
-1
djwcb
-1
djwcb
-1
djwcb
-1
djwcb
-1
djwcb
-1
djwnb
0
djwcb
-1
djwcb
-1
djwcb
-1
djwcb
-1
djwcb
-1
djwnb
0
djwcb
-1
djwcb
-1
djwcb
-1
djwcb
-1
djwcb
-1
djwcb
-1
djwcb
-1
djwcb
-1
djwcb
-1
djwcb
-1
djwcb
-1
djwcb
-1
djwnb
0
djwcb
-1
djwcb
-1
djwcb
-1
djwcb
-1
djwcb
-1
djwcb
-1
djwcb
-1
djwcb
-1
djwnb
0
djwcb
-1
djwnb
0
djwcb
-1
djwcb
-1
djwcb
-1
djwcb
-1
djwcb
-1
djwnb
0
djwnb
0
djwcb
-1
djwcb
-1
djwcb
-1
djwcb
-1
djwnb
0
djwcb
-1
djwcb
-1
djwcb
-1
djwcb
-1
djwcb
-1
djwcb
-1
djwcb
-1
djwcb
-1
djwcb
-1
djwcb
-1
djwcb
-1
djwnb
0
djwcb
-1
djwcb
-1
djwcb
-1
djwnb
0
djwcb
-1
djwcb
-1
djwcb
-1
djwnb
0
djwcb
-1
djwcb
-1
djwcb
-1
djwcb
-1
djwnb
0
djwnb
0
djwcb
-1
djwcb
-1
djwcb
-1
djwnb
0
djwcb
-1
djwcb
-1
djwcb
-1
djwcb
-1
djwcb
-1
djwnb
0
djwcb
-1
djwcb
-1
djwnb
0
djwcb
-1
djwcb
-1
djwcb
-1
djwcb
-1
djwcb
-1
djwcb
-1
djwnb
0
djwcb
-1
djwnb
0
djwcb
-1
djwcb
-1
djwcb
-1
djwcb
-1
djwcb
-1
djwcb
-1
djwcb
-1
djwcb
-1
djwcb
-1
djwcb
-1
djwcb
-1
djwcb
-1
djwcb
-1
djwcb
-1
djwnb
0
djwcb
-1
djwcb
-1
djwcb
-1
djwcb
-1
djwcb
-1
djwnb
0
djwcb
-1
djwcb
-1
djwcb
-1
djwcb
-1
djwcb
-1
djwcb
-1
djwcb
-1
djwcb
-1
djwcb
-1
djwcb
-1
djwnb
0
djwcb
-1
djwcb
-1
djwcb
-1
djwnb
1
djwcb
-1
djwcb
-1
djwcb
-1
djwcb
-1
djwcb
-1
djwcb
-1
djwcb
-1
djwcb
-1
djwcb
-1
djwcb
-1
djwcb
-1
djwcb
-1
djwcb
-1
djwcb
-1
djwcb
-1
djwcb
-1
djwcb
-1
djwcb
-1
djwcb
-1
djwcb
-1
djwcb
-1
djwcb
-1
djwcb
-1
djwcb
-1
djwcb
-1
djwcb
-1
djwcb
-1
djwcb
-1
djwcb
-1
djwcb
-1
djwcb
-1
djwcb
-1
djwcb
-1
djwcb
-1
djwcb
-1
djwcb
-1
djwcb
-1
djwcb
-1
djwcb
-1
djwcb
-1
djwcb
-1
djwcb
-1
djwcb
-1
djwcb
-1
djwcb
-1
djwcb
-1
djwcb
-1
djwcb
-1
djwcb
-1
djwnb
0
djwcb
-1
djwcb
-1
djwnb
0
djwcb
-1
djwcb
-1
djwcb
-1
djwcb
-1
djwcb
-1
djwnb
0
djwcb
-1
djwnb
0
djwcb
-1
djwcb
-1
djwcb
-1
djwcb
-1
djwcb
-1
djwcb
-1
djwcb
-1
djwcb
-1
djwcb
-1
djwcb
-1
djwcb
-1
djwnb
0
djwcb
-1
djwcb
-1
djwcb
-1
djwcb
-1
djwcb
-1
djwcb
-1
djwcb
-1
djwcb
-1
djwnb
0
djwcb
-1
djwcb
-1
djwcb
-1
djwcb
-1
djwcb
-1
djwcb
-1
djwcb
-1
djwcb
-1
djwcb
-1
djwcb
-1
djwcb
-1
djwnb
0
djwcb
-1
djwcb
-1
djwcb
-1
djwnb
0
djwcb
-1
djwcb
-1
djwcb
-1
djwcb
-1
djwcb
-1
djwcb
-1
djwcb
-1
djwnb
0
djwcb
-1
djwcb
-1
djwcb
-1
djwcb
-1
djwcb
-1
djwcb
-1
djwcb
-1
djwnb
0
djwcb
-1
djwnb
0
djwcb
-1
djwcb
-1
djwcb
-1
djwcb
-1
djwcb
-1
djwcb
-1
djwcb
-1
djwcb
-1
djwcb
-1
djwcb
-1
djwcb
-1
djwcb
-1
djwcb
-1
djwnb
0
djwcb
-1
djwcb
-1
djwcb
-1
djwcb
-1
djwcb
-1
djwcb
-1
djwcb
-1
djwcb
-1
djwcb
-1
djwcb
-1
djwcb
-1
djwcb
-1
djwcb
-1
djwcb
-1
djwcb
-1
djwnb
0
djwcb
-1
djwcb
-1
djwcb
-1
djwcb
-1
djwcb
-1
djwcb
-1
djwcb
-1
djwcb
-1
djwcb
-1
djwcb
-1
djwnb
0
djwcb
-1
djwcb
-1
djwcb
-1
djwnb
0
djwcb
-1
djwcb
-1
djwcb
-1
djwcb
-1
djwcb
-1
djwcb
-1
djwcb
-1
djwcb
-1
djwcb
-1
djwcb
-1
djwcb
-1
djwnb
0
djwnb
1
djwcb
-1
djwnb
0
djwcb
-1
djwcb
-1
djwcb
-1
djwcb
-1
djwcb
-1
djwnb
0
djwnb
0
djwcb
-1
djwcb
-1
djwcb
-1
djwcb
-1
djwcb
-1
djwcb
-1
djwcb
-1
djwcb
-1
djwcb
-1
djwcb
-1
djwnb
0
djwcb
-1
djwcb
-1
djwnb
0
djwcb
-1
djwcb
-1
djwnb
0
djwcb
-1
djwnb
0
djwcb
-1
djwcb
-1
djwcb
-1
djwcb
-1
djwnb
0
djwcb
-1
djwnb
0
djwcb
-1
djwcb
-1
djwcb
-1
djwcb
-1
djwcb
-1
djwcb
-1
djwcb
-1
djwcb
-1
djwcb
-1
djwnb
1
djwcb
-1
djwcb
-1
djwcb
-1
djwcb
-1
djwcb
-1
djwcb
-1
djwnb
0
djwcb
-1
djwcb
-1
djwcb
-1
djwcb
-1
djwcb
-1
djwnb
0
djwcb
-1
djwcb
-1
djwcb
-1
djwcb
-1
djwcb
-1
djwnb
0
djwnb
0
djwcb
-1
djwnb
0
djwcb
-1
djwcb
-1
djwcb
-1
djwcb
-1
djwnb
0
djwcb
-1
djwcb
-1
djwcb
-1
djwcb
-1
djwcb
-1
djwcb
-1
djwnb
0
djwcb
-1
djwcb
-1
djwcb
-1
djwnb
0
djwcb
-1
djwcb
-1
djwcb
-1
djwcb
-1
djwcb
-1
djwcb
-1
djwcb
-1
djwcb
-1
djwnb
0
djwcb
-1
djwcb
-1
djwnb
2
djwcb
-1
djwcb
-1
djwcb
-1
djwcb
-1
djwcb
-1
djwcb
-1
djwcb
-1
djwcb
-1
djwcb
-1
djwcb
-1
djwcb
-1
djwcb
-1
djwcb
-1
djwcb
-1
djwcb
-1
djwnb
0
djwcb
-1
djwcb
-1
djwcb
-1
djwcb
-1
djwcb
-1
djwcb
-1
djwcb
-1
djwcb
-1
djwcb
-1
djwcb
-1
djwnb
0
djwcb
-1
djwcb
-1
djwnb
0
djwcb
-1
djwcb
-1
djwcb
-1
djwnb
0
djwnb
0
djwcb
-1
djwcb
-1
djwcb
-1
djwcb
-1
djwcb
-1
djwcb
-1
djwnb
0
djwnb
0
djwnb
0
djwcb
-1
djwcb
-1
djwnb
1
djwcb
-1
djwnb
0
djwcb
-1
djwcb
-1
djwnb
0
djwcb
-1
djwcb
-1
djwcb
-1
djwcb
-1
djwnb
0
djwcb
-1
djwcb
-1
djwcb
-1
djwcb
-1
djwcb
-1
djwcb
-1
djwcb
-1
djwcb
-1
djwcb
-1
djwcb
-1
djwcb
-1
djwcb
-1
djwcb
-1
djwcb
-1
djwcb
-1
djwcb
-1
djwcb
-1
djwcb
-1
djwcb
-1
djwcb
-1
djwcb
-1
djwcb
-1
djwcb
-1
djwcb
-1
djwnb
0
djwnb
0
djwcb
-1
djwcb
-1
djwcb
-1
djwcb
-1
djwcb
-1
djwcb
-1
djwcb
-1
djwcb
-1
djwcb
-1
djwnb
0
djwcb
-1
djwnb
0
djwnb
0
djwcb
-1
djwcb
-1
djwcb
-1
djwcb
-1
djwcb
-1
djwcb
-1
djwcb
-1
djwcb
-1
djwnb
0
djwcb
-1
djwnb
0
djwcb
-1
djwcb
-1
djwcb
-1
djwcb
-1
djwcb
-1
djwcb
-1
djwnb
0
djwcb
-1
djwnb
0
djwcb
-1
djwcb
-1
djwcb
-1
djwcb
-1
djwcb
-1
djwcb
-1
djwcb
-1
djwcb
-1
djwcb
-1
djwcb
-1
djwcb
-1
djwcb
-1
djwcb
-1
djwcb
-1
djwcb
-1
djwcb
-1
djwcb
-1
djwcb
-1
djwcb
-1
djwcb
-1
djwcb
-1
djwcb
-1
djwcb
-1
djwcb
-1
djwnb
0
djwcb
-1
djwnb
0
djwcb
-1
djwcb
-1
djwcb
-1
djwcb
-1
djwcb
-1
djwcb
-1
djwnb
0
djwcb
-1
djwcb
-1
djwcb
-1
djwnb
0
djwcb
-1
djwcb
-1
djwcb
-1
djwcb
-1
djwcb
-1
djwcb
-1
djwcb
-1
djwcb
-1
djwnb
0
djwcb
-1
djwnb
0
djwcb
-1
djwcb
-1
djwcb
-1
djwnb
0
djwcb
-1
djwcb
-1
djwcb
-1
djwcb
-1
djwcb
-1
djwcb
-1
djwcb
-1
djwcb
-1
djwnb
0
djwcb
-1
djwcb
-1
djwcb
-1
djwcb
-1
djwcb
-1
djwcb
-1
djwcb
-1
djwcb
-1
djwcb
-1
djwnb
0
djwnb
0
djwcb
-1
djwcb
-1
djwcb
-1
djwcb
-1
djwcb
-1
djwcb
-1
djwcb
-1
djwcb
-1
djwcb
-1
djwnb
0
djwcb
-1
djwnb
0
djwcb
-1
djwcb
-1
djwcb
-1
djwcb
-1
djwcb
-1
djwcb
-1
djwcb
-1
djwcb
-1
djwcb
-1
djwcb
-1
djwcb
-1
djwnb
0
djwcb
-1
djwcb
-1
djwcb
-1
djwcb
-1
djwcb
-1
djwcb
-1
djwcb
-1
djwcb
-1
djwcb
-1
djwcb
-1
djwcb
-1
djwnb
0
djwcb
-1
djwcb
-1
djwcb
-1
djwcb
-1
djwcb
-1
djwcb
-1
djwnb
2
djwcb
-1
djwcb
-1
djwcb
-1
djwcb
-1
djwcb
-1
djwcb
-1
djwcb
-1
djwcb
-1
djwcb
-1
djwcb
-1
djwcb
-1
djwnb
0
djwcb
-1
djwcb
-1
djwcb
-1
djwnb
11
djwcb
-1
djwcb
-1
djwcb
-1
djwcb
-1
djwcb
-1
djwnb
0
djwcb
-1
djwcb
-1
djwcb
-1
djwcb
-1
djwcb
-1
djwcb
-1
djwcb
-1
djwcb
-1
djwcb
-1
djwcb
-1
djwnb
0
djwnb
0
djwcb
-1
djwcb
-1
djwcb
-1
djwcb
-1
djwnb
0
djwnb
0
djwcb
-1
djwcb
-1
djwcb
-1
djwcb
-1
djwcb
-1
djwcb
-1
djwcb
-1
djwcb
-1
djwcb
-1
djwcb
-1
djwcb
-1
djwcb
-1
djwcb
-1
djwnb
0
djwcb
-1
djwcb
-1
djwcb
-1
djwcb
-1
djwcb
-1
djwcb
-1
djwcb
-1
djwcb
-1
djwcb
-1
djwcb
-1
djwcb
-1
djwcb
-1
djwcb
-1
djwnb
0
djwcb
-1
djwcb
-1
djwcb
-1
djwcb
-1
djwcb
-1
djwcb
-1
djwcb
-1
djwcb
-1
djwnb
0
djwcb
-1
djwcb
-1
djwcb
-1
djwnb
0
djwcb
-1
djwcb
-1
djwcb
-1
djwcb
-1
djwcb
-1
djwcb
-1
djwcb
-1
djwcb
-1
djwcb
-1
djwcb
-1
djwcb
-1
djwcb
-1
djwcb
-1
djwcb
-1
djwcb
-1
djwcb
-1
djwcb
-1
djwcb
-1
djwcb
-1
djwnb
0
djwcb
-1
djwcb
-1
djwcb
-1
djwcb
-1
djwcb
-1
djwcb
-1
djwcb
-1
djwnb
1
djwcb
-1
djwcb
-1
djwcb
-1
djwnb
0
djwnb
0
djwcb
-1
djwcb
-1
djwcb
-1
djwcb
-1
djwcb
-1
djwcb
-1
djwcb
-1
djwcb
-1
djwnb
0
djwcb
-1
djwcb
-1
djwcb
-1
djwcb
-1
djwcb
-1
djwcb
-1
djwcb
-1
djwcb
-1
djwcb
-1
djwcb
-1
djwcb
-1
djwnb
0
djwcb
-1
djwcb
-1
djwcb
-1
djwcb
-1
djwcb
-1
djwcb
-1
djwcb
-1
djwnb
0
djwcb
-1
djwnb
0
djwcb
-1
djwcb
-1
djwnb
0
djwcb
-1
djwcb
-1
djwcb
-1
djwcb
-1
djwcb
-1
djwcb
-1
djwnb
0
djwcb
-1
djwcb
-1
djwcb
-1
djwcb
-1
djwcb
-1
djwcb
-1
djwcb
-1
djwcb
-1
djwcb
-1
djwcb
-1
djwcb
-1
djwcb
-1
djwcb
-1
djwcb
-1
djwcb
-1
djwcb
-1
djwcb
-1
djwcb
-1
djwnb
0
djwcb
-1
djwcb
-1
djwcb
-1
djwcb
-1
djwcb
-1
djwnb
0
djwcb
-1
djwcb
-1
djwcb
-1
djwcb
-1
djwcb
-1
djwcb
-1
djwcb
-1
djwcb
-1
djwcb
-1
djwcb
-1
djwnb
0
djwcb
-1
djwcb
-1
djwcb
-1
djwcb
-1
djwcb
-1
djwcb
-1
djwnb
0
djwcb
-1
djwcb
-1
djwcb
-1
djwcb
-1
djwcb
-1
djwnb
0
djwnb
0
djwcb
-1
djwcb
-1
djwcb
-1
djwcb
-1
djwcb
-1
djwcb
-1
djwcb
-1
djwnb
0
djwnb
2
djwcb
-1
djwcb
-1
djwcb
-1
djwcb
-1
djwcb
-1
djwcb
-1
djwcb
-1
djwcb
-1
djwcb
-1
djwcb
-1
djwcb
-1
djwcb
-1
djwnb
0
djwcb
-1
djwcb
-1
djwcb
-1
djwcb
-1
djwcb
-1
djwcb
-1
djwcb
-1
djwnb
0
djwnb
0
djwcb
-1
djwcb
-1
djwnb
1
djwcb
-1
djwcb
-1
djwcb
-1
djwcb
-1
djwcb
-1
djwcb
-1
djwcb
-1
djwcb
-1
djwcb
-1
djwcb
-1
djwcb
-1
djwcb
-1
djwcb
-1
djwcb
-1
djwcb
-1
djwcb
-1
djwcb
-1
djwcb
-1
djwcb
-1
djwcb
-1
djwcb
-1
djwcb
-1
djwcb
-1
djwcb
-1
djwcb
-1
djwcb
-1
djwcb
-1
djwcb
-1
djwcb
-1
djwnb
0
djwcb
-1
djwcb
-1
djwnb
0
djwcb
-1
djwcb
-1
djwcb
-1
djwcb
-1
djwcb
-1
djwcb
-1
djwcb
-1
djwcb
-1
djwcb
-1
djwcb
-1
djwcb
-1
djwcb
-1
djwcb
-1
djwcb
-1
djwcb
-1
djwcb
-1
djwcb
-1
djwnb
0
djwcb
-1
djwnb
0
djwcb
-1
djwcb
-1
djwcb
-1
djwcb
-1
djwcb
-1
djwnb
0
djwcb
-1
djwcb
-1
djwcb
-1
djwcb
-1
djwnb
2
djwcb
-1
djwcb
-1
djwnb
1
djwcb
-1
djwcb
-1
djwcb
-1
djwcb
-1
djwcb
-1
djwcb
-1
djwcb
-1
djwcb
-1
djwcb
-1
djwcb
-1
djwcb
-1
djwcb
-1
djwcb
-1
djwnb
0
djwcb
-1
djwcb
-1
djwcb
-1
djwcb
-1
djwnb
0
djwcb
-1
djwcb
-1
djwcb
-1
djwcb
-1
djwcb
-1
djwnb
0
djwcb
-1
djwcb
-1
djwcb
-1
djwcb
-1
djwnb
0
djwnb
0
djwcb
-1
djwcb
-1
djwcb
-1
djwcb
-1
djwcb
-1
djwcb
-1
djwcb
-1
djwcb
-1
djwcb
-1
djwnb
0
djwcb
-1
djwcb
-1
djwcb
-1
djwcb
-1
djwcb
-1
djwcb
-1
djwcb
-1
djwcb
-1
djwcb
-1
djwcb
-1
djwcb
-1
djwcb
-1
djwnb
0
djwcb
-1
djwcb
-1
djwcb
-1
djwcb
-1
djwcb
-1
djwcb
-1
djwcb
-1
djwcb
-1
djwnb
0
djwcb
-1
djwcb
-1
djwcb
-1
djwcb
-1
djwcb
-1
djwcb
-1
djwcb
-1
djwcb
-1
djwcb
-1
djwcb
-1
djwcb
-1
djwcb
-1
djwcb
-1
djwcb
-1
djwcb
-1
djwcb
-1
djwnb
0
djwcb
-1
djwcb
-1
djwnb
0
djwcb
-1
djwcb
-1
djwcb
-1
djwcb
-1
djwcb
-1
djwcb
-1
djwnb
0
djwcb
-1
djwcb
-1
djwcb
-1
djwcb
-1
djwcb
-1
djwnb
0
djwcb
-1
djwcb
-1
djwcb
-1
djwnb
0
djwcb
-1
djwnb
0
djwcb
-1
djwcb
-1
djwcb
-1
djwcb
-1
djwcb
-1
djwcb
-1
djwcb
-1
djwcb
-1
djwcb
-1
djwcb
-1
djwcb
-1
djwcb
-1
djwcb
-1
djwcb
-1
djwcb
-1
djwcb
-1
djwcb
-1
djwcb
-1
djwcb
-1
djwnb
0
djwcb
-1
djwcb
-1
djwnb
0
djwnb
0
djwcb
-1
djwcb
-1
djwcb
-1
djwcb
-1
djwcb
-1
djwnb
0
djwcb
-1
djwcb
-1
djwcb
-1
djwcb
-1
djwcb
-1
djwcb
-1
djwcb
-1
djwcb
-1
djwcb
-1
djwcb
-1
djwcb
-1
djwcb
-1
djwcb
-1
djwcb
-1
djwcb
-1
djwcb
-1
djwcb
-1
djwcb
-1
djwnb
0
djwcb
-1
djwcb
-1
djwcb
-1
djwcb
-1
djwcb
-1
djwcb
-1
djwcb
-1
djwcb
-1
djwcb
-1
djwcb
-1
djwcb
-1
djwcb
-1
djwnb
0
djwcb
-1
djwcb
-1
djwcb
-1
djwcb
-1
djwcb
-1
djwnb
0
djwcb
-1
djwcb
-1
djwcb
-1
djwcb
-1
djwcb
-1
djwcb
-1
djwcb
-1
djwcb
-1
djwcb
-1
djwcb
-1
djwnb
0
djwcb
-1
djwcb
-1
djwcb
-1
djwcb
-1
djwcb
-1
djwcb
-1
djwcb
-1
djwcb
-1
djwcb
-1
djwcb
-1
djwcb
-1
djwcb
-1
djwcb
-1
djwcb
-1
djwcb
-1
djwcb
-1
djwcb
-1
djwcb
-1
djwcb
-1
djwcb
-1
djwcb
-1
djwcb
-1
djwcb
-1
djwcb
-1
djwcb
-1
djwcb
-1
djwcb
-1
djwcb
-1
djwcb
-1
djwcb
-1
djwcb
-1
djwcb
-1
djwcb
-1
djwcb
-1
djwcb
-1
djwnb
0
djwcb
-1
djwcb
-1
djwnb
0
djwcb
-1
djwcb
-1
djwcb
-1
djwcb
-1
djwnb
2
djwcb
-1
djwcb
-1
djwcb
-1
djwcb
-1
djwcb
-1
djwcb
-1
djwcb
-1
djwcb
-1
djwcb
-1
djwcb
-1
djwcb
-1
djwnb
0
djwcb
-1
djwcb
-1
djwcb
-1
djwcb
-1
djwnb
0
djwcb
-1
djwcb
-1
djwcb
-1
djwcb
-1
djwnb
2
djwcb
-1
djwcb
-1
djwcb
-1
djwnb
0
djwcb
-1
djwcb
-1
djwcb
-1
djwcb
-1
djwcb
-1
djwcb
-1
djwcb
-1
djwcb
-1
djwcb
-1
djwcb
-1
djwcb
-1
djwcb
-1
djwcb
-1
djwcb
-1
djwcb
-1
djwcb
-1
djwcb
-1
djwcb
-1
djwcb
-1
djwcb
-1
djwcb
-1
djwcb
-1
djwnb
0
djwcb
-1
djwcb
-1
djwcb
-1
djwcb
-1
djwcb
-1
djwcb
-1
djwcb
-1
djwnb
0
djwcb
-1
djwcb
-1
djwcb
-1
djwcb
-1
djwcb
-1
djwcb
-1
djwcb
-1
djwcb
-1
djwcb
-1
djwcb
-1
djwcb
-1
djwcb
-1
djwcb
-1
djwnb
2
djwcb
-1
djwcb
-1
djwcb
-1
djwnb
0
djwcb
-1
djwcb
-1
djwcb
-1
djwcb
-1
djwnb
0
djwnb
0
djwcb
-1
djwcb
-1
djwcb
-1
djwcb
-1
djwcb
-1
djwcb
-1
djwcb
-1
djwcb
-1
djwcb
-1
djwcb
-1
djwcb
-1
djwcb
-1
djwnb
0
djwcb
-1
djwcb
-1
djwcb
-1
djwcb
-1
djwcb
-1
djwcb
-1
djwcb
-1
djwcb
-1
djwcb
-1
djwcb
-1
djwcb
-1
djwcb
-1
djwcb
-1
djwcb
-1
djwnb
0
djwcb
-1
djwcb
-1
djwnb
0
djwcb
-1
djwnb
0
djwcb
-1
djwcb
-1
djwcb
-1
djwcb
-1
djwcb
-1
djwcb
-1
djwcb
-1
djwcb
-1
djwcb
-1
djwcb
-1
djwcb
-1
djwcb
-1
djwcb
-1
djwnb
0
djwcb
-1
djwcb
-1
djwcb
-1
djwcb
-1
djwcb
-1
djwcb
-1
djwcb
-1
djwcb
-1
djwcb
-1
djwcb
-1
djwcb
-1
djwcb
-1
djwcb
-1
djwcb
-1
djwcb
-1
djwcb
-1
djwcb
-1
djwcb
-1
djwcb
-1
djwcb
-1
djwcb
-1
djwnb
0
djwcb
-1
djwnb
0
djwcb
-1
djwcb
-1
djwnb
0
djwnb
0
djwcb
-1
djwcb
-1
djwcb
-1
djwcb
-1
djwcb
-1
djwcb
-1
djwcb
-1
djwcb
-1
djwcb
-1
djwcb
-1
djwcb
-1
djwcb
-1
djwcb
-1
djwcb
-1
djwnb
0
djwcb
-1
djwcb
-1
djwcb
-1
djwcb
-1
djwcb
-1
djwnb
0
djwcb
-1
djwcb
-1
djwcb
-1
djwnb
0
djwnb
0
djwcb
-1
djwcb
-1
djwcb
-1
djwcb
-1
djwcb
-1
djwnb
0
djwnb
0
djwcb
-1
djwnb
0
djwcb
-1
djwcb
-1
djwcb
-1
djwnb
0
djwcb
-1
djwcb
-1
djwcb
-1
djwcb
-1
djwcb
-1
djwcb
-1
djwcb
-1
djwcb
-1
djwcb
-1
djwnb
0
djwcb
-1
djwcb
-1
djwcb
-1
djwcb
-1
djwcb
-1
djwcb
-1
djwcb
-1
djwcb
-1
djwcb
-1
djwcb
-1
djwnb
0
djwcb
-1
djwcb
-1
djwcb
-1
djwnb
0
djwcb
-1
djwcb
-1
djwcb
-1
djwcb
-1
djwcb
-1
djwnb
1
djwcb
-1
djwcb
-1
djwcb
-1
djwcb
-1
djwcb
-1
djwcb
-1
djwcb
-1
djwcb
-1
djwcb
-1
djwcb
-1
djwcb
-1
djwcb
-1
djwcb
-1
djwnb
0
djwcb
-1
djwcb
-1
djwcb
-1
djwcb
-1
djwcb
-1
djwcb
-1
djwnb
0
djwcb
-1
djwcb
-1
djwcb
-1
djwnb
0
djwcb
-1
djwcb
-1
djwcb
-1
djwcb
-1
djwcb
-1
djwcb
-1
djwcb
-1
djwnb
0
djwcb
-1
djwcb
-1
djwcb
-1
djwcb
-1
djwcb
-1
djwcb
-1
djwnb
0
djwcb
-1
djwcb
-1
djwcb
-1
djwcb
-1
djwcb
-1
djwcb
-1
djwcb
-1
djwcb
-1
djwcb
-1
djwcb
-1
djwcb
-1
djwcb
-1
djwcb
-1
djwcb
-1
djwcb
-1
djwcb
-1
djwcb
-1
djwnb
0
djwcb
-1
djwnb
0
djwcb
-1
djwcb
-1
djwcb
-1
djwcb
-1
djwcb
-1
djwcb
-1
djwcb
-1
djwcb
-1
djwcb
-1
djwcb
-1
djwcb
-1
djwcb
-1
djwcb
-1
djwcb
-1
djwcb
-1
djwcb
-1
djwcb
-1
djwcb
-1
djwcb
-1
djwcb
-1
djwnb
0
djwnb
0
djwcb
-1
djwcb
-1
djwcb
-1
djwcb
-1
djwcb
-1
djwnb
0
djwnb
0
djwcb
-1
djwcb
-1
djwcb
-1
djwcb
-1
djwcb
-1
djwnb
0
djwcb
-1
djwcb
-1
djwcb
-1
djwcb
-1
djwcb
-1
djwcb
-1
djwcb
-1
djwcb
-1
djwcb
-1
djwcb
-1
djwcb
-1
djwcb
-1
djwcb
-1
djwcb
-1
djwcb
-1
djwnb
0
djwcb
-1
djwcb
-1
djwcb
-1
djwcb
-1
djwnb
0
djwcb
-1
djwcb
-1
djwcb
-1
djwnb
0
djwnb
0
djwcb
-1
djwcb
-1
djwnb
0
djwcb
-1
djwcb
-1
djwcb
-1
djwcb
-1
djwcb
-1
djwcb
-1
djwcb
-1
djwnb
0
djwcb
-1
djwcb
-1
djwcb
-1
djwcb
-1
djwcb
-1
djwcb
-1
djwcb
-1
djwnb
0
djwcb
-1
djwnb
0
djwnb
0
djwcb
-1
djwcb
-1
djwcb
-1
djwcb
-1
djwcb
-1
djwcb
-1
djwcb
-1
djwcb
-1
djwcb
-1
djwcb
-1
djwcb
-1
djwnb
0
djwcb
-1
djwcb
-1
djwnb
2
djwcb
-1
djwnb
0
djwnb
0
djwcb
-1
djwcb
-1
djwcb
-1
djwcb
-1
djwcb
-1
djwnb
0
djwcb
-1
djwcb
-1
djwcb
-1
djwcb
-1
djwcb
-1
djwcb
-1
djwcb
-1
djwcb
-1
djwcb
-1
djwnb
0
djwcb
-1
djwcb
-1
djwcb
-1
djwcb
-1
djwcb
-1
djwcb
-1
djwcb
-1
djwcb
-1
djwnb
0
djwcb
-1
djwcb
-1
djwcb
-1
djwcb
-1
djwcb
-1
djwcb
-1
djwcb
-1
djwcb
-1
djwcb
-1
djwcb
-1
djwcb
-1
djwcb
-1
djwcb
-1
djwnb
0
djwcb
-1
djwcb
-1
djwcb
-1
djwcb
-1
djwcb
-1
djwcb
-1
djwcb
-1
djwnb
0
djwcb
-1
djwcb
-1
djwcb
-1
djwnb
0
djwcb
-1
djwcb
-1
djwcb
-1
djwnb
0
djwcb
-1
djwnb
0
djwcb
-1
djwcb
-1
djwcb
-1
djwcb
-1
djwcb
-1
djwcb
-1
djwcb
-1
djwcb
-1
djwcb
-1
djwcb
-1
djwnb
0
djwcb
-1
djwcb
-1
djwcb
-1
djwcb
-1
djwnb
0
djwcb
-1
djwcb
-1
djwcb
-1
djwcb
-1
djwcb
-1
djwcb
-1
djwcb
-1
djwcb
-1
djwnb
0
djwcb
-1
djwnb
0
djwcb
-1
djwcb
-1
djwcb
-1
djwcb
-1
djwcb
-1
djwcb
-1
djwcb
-1
djwcb
-1
djwcb
-1
djwcb
-1
djwcb
-1
djwcb
-1
djwcb
-1
djwcb
-1
djwcb
-1
djwcb
-1
djwcb
-1
djwcb
-1
djwcb
-1
djwcb
-1
djwcb
-1
djwcb
-1
djwcb
-1
djwcb
-1
djwcb
-1
djwcb
-1
djwcb
-1
djwcb
-1
djwcb
-1
djwnb
0
djwcb
-1
djwcb
-1
djwcb
-1
djwcb
-1
djwcb
-1
djwcb
-1
djwcb
-1
djwcb
-1
djwcb
-1
djwcb
-1
djwcb
-1
djwnb
0
djwcb
-1
djwcb
-1
djwcb
-1
djwnb
0
djwcb
-1
djwcb
-1
djwcb
-1
djwcb
-1
djwcb
-1
djwcb
-1
djwnb
0
djwcb
-1
djwcb
-1
djwcb
-1
djwcb
-1
djwcb
-1
djwcb
-1
djwcb
-1
djwcb
-1
djwnb
0
djwcb
-1
djwcb
-1
djwcb
-1
djwcb
-1
djwcb
-1
djwcb
-1
djwcb
-1
djwcb
-1
djwcb
-1
djwcb
-1
djwnb
0
djwnb
0
djwcb
-1
djwcb
-1
djwnb
0
djwcb
-1
djwcb
-1
djwcb
-1
djwcb
-1
djwcb
-1
djwcb
-1
djwcb
-1
djwcb
-1
djwcb
-1
djwcb
-1
djwcb
-1
djwnb
0
djwcb
-1
djwcb
-1
djwcb
-1
djwnb
0
djwcb
-1
djwcb
-1
djwcb
-1
djwcb
-1
djwcb
-1
djwcb
-1
djwcb
-1
djwnb
2
djwcb
-1
djwcb
-1
djwcb
-1
djwcb
-1
djwcb
-1
djwcb
-1
djwcb
-1
djwcb
-1
djwnb
0
djwcb
-1
djwcb
-1
djwcb
-1
djwcb
-1
djwcb
-1
djwcb
-1
djwcb
-1
djwcb
-1
djwcb
-1
djwcb
-1
djwcb
-1
djwnb
0
djwcb
-1
djwnb
0
djwcb
-1
djwcb
-1
djwcb
-1
djwcb
-1
djwcb
-1
djwcb
-1
djwnb
0
djwcb
-1
djwcb
-1
djwcb
-1
djwnb
0
djwcb
-1
djwcb
-1
djwcb
-1
djwcb
-1
djwcb
-1
djwcb
-1
djwcb
-1
djwcb
-1
djwcb
-1
djwcb
-1
djwcb
-1
djwcb
-1
djwnb
2
djwnb
0
djwcb
-1
djwcb
-1
djwcb
-1
djwnb
0
djwnb
2
djwcb
-1
djwcb
-1
djwcb
-1
djwcb
-1
djwnb
0
djwcb
-1
djwnb
0
djwcb
-1
djwcb
-1
djwnb
0
djwcb
-1
djwcb
-1
djwnb
0
djwcb
-1
djwcb
-1
djwcb
-1
djwcb
-1
djwcb
-1
djwcb
-1
djwcb
-1
djwcb
-1
djwcb
-1
djwcb
-1
djwcb
-1
djwcb
-1
djwcb
-1
djwnb
0
djwcb
-1
djwcb
-1
djwcb
-1
djwcb
-1
djwcb
-1
djwcb
-1
djwcb
-1
djwcb
-1
djwcb
-1
djwcb
-1
djwcb
-1
djwcb
-1
djwnb
0
djwcb
-1
djwcb
-1
djwcb
-1
djwcb
-1
djwcb
-1
djwcb
-1
djwcb
-1
djwnb
0
djwcb
-1
djwcb
-1
djwcb
-1
djwcb
-1
djwcb
-1
djwcb
-1
djwcb
-1
djwcb
-1
djwcb
-1
djwnb
0
djwcb
-1
djwcb
-1
djwnb
0
djwcb
-1
djwcb
-1
djwcb
-1
djwcb
-1
djwcb
-1
djwcb
-1
djwnb
0
djwcb
-1
djwcb
-1
djwcb
-1
djwcb
-1
djwcb
-1
djwcb
-1
djwcb
-1
djwcb
-1
djwcb
-1
djwcb
-1
djwcb
-1
djwcb
-1
djwcb
-1
djwcb
-1
djwcb
-1
djwcb
-1
djwcb
-1
djwcb
-1
djwcb
-1
djwcb
-1
djwcb
-1
djwcb
-1
djwcb
-1
djwnb
0
djwcb
-1
djwcb
-1
djwcb
-1
djwnb
0
djwcb
-1
djwnb
0
djwcb
-1
djwcb
-1
djwcb
-1
djwnb
0
djwcb
-1
djwcb
-1
djwcb
-1
djwcb
-1
djwcb
-1
djwcb
-1
djwcb
-1
djwcb
-1
djwcb
-1
djwcb
-1
djwcb
-1
djwcb
-1
djwnb
0
djwcb
-1
djwcb
-1
djwcb
-1
djwcb
-1
djwcb
-1
djwcb
-1
djwcb
-1
djwcb
-1
djwcb
-1
djwcb
-1
djwcb
-1
djwcb
-1
djwcb
-1
djwcb
-1
djwcb
-1
djwcb
-1
djwnb
0
djwnb
1
djwcb
-1
djwcb
-1
djwcb
-1
djwcb
-1
djwcb
-1
djwcb
-1
djwcb
-1
djwcb
-1
djwcb
-1
djwcb
-1
djwcb
-1
djwcb
-1
djwcb
-1
djwcb
-1
djwcb
-1
djwcb
-1
djwcb
-1
djwcb
-1
djwcb
-1
djwcb
-1
djwcb
-1
djwcb
-1
djwcb
-1
djwcb
-1
djwcb
-1
djwcb
-1
djwcb
-1
djwcb
-1
djwcb
-1
djwcb
-1
djwcb
-1
djwcb
-1
djwnb
0
djwcb
-1
djwnb
0
djwcb
-1
djwcb
-1
djwnb
0
djwcb
-1
djwcb
-1
djwcb
-1
djwcb
-1
djwcb
-1
djwcb
-1
djwcb
-1
djwcb
-1
djwcb
-1
djwcb
-1
djwcb
-1
djwcb
-1
djwcb
-1
djwcb
-1
djwcb
-1
djwcb
-1
djwcb
-1
djwcb
-1
djwnb
0
djwcb
-1
djwnb
0
djwnb
8
djwcb
-1
djwcb
-1
djwcb
-1
djwcb
-1
djwcb
-1
djwnb
0
djwcb
-1
djwcb
-1
djwcb
-1
djwcb
-1
djwcb
-1
djwcb
-1
djwcb
-1
djwcb
-1
djwcb
-1
djwcb
-1
djwcb
-1
djwcb
-1
djwnb
0
djwcb
-1
djwcb
-1
djwcb
-1
djwnb
1
djwcb
-1
djwcb
-1
djwcb
-1
djwcb
-1
djwcb
-1
djwcb
-1
djwcb
-1
djwcb
-1
djwcb
-1
djwcb
-1
djwcb
-1
djwcb
-1
djwcb
-1
djwcb
-1
djwcb
-1
djwcb
-1
djwcb
-1
djwnb
0
djwnb
0
djwcb
-1
djwcb
-1
djwcb
-1
djwcb
-1
djwcb
-1
djwcb
-1
djwcb
-1
djwnb
0
djwcb
-1
djwcb
-1
djwcb
-1
djwcb
-1
djwcb
-1
djwcb
-1
djwcb
-1
djwcb
-1
djwcb
-1
djwnb
0
djwcb
-1
djwcb
-1
djwcb
-1
djwcb
-1
djwcb
-1
djwcb
-1
djwcb
-1
djwcb
-1
djwcb
-1
djwcb
-1
djwcb
-1
djwcb
-1
djwcb
-1
djwcb
-1
djwcb
-1
djwcb
-1
djwcb
-1
djwcb
-1
djwnb
0
djwcb
-1
djwcb
-1
djwcb
-1
djwcb
-1
djwnb
0
djwcb
-1
djwcb
-1
djwcb
-1
djwcb
-1
djwcb
-1
djwcb
-1
djwcb
-1
djwcb
-1
djwcb
-1
djwcb
-1
djwcb
-1
djwcb
-1
djwcb
-1
djwcb
-1
djwcb
-1
djwcb
-1
djwcb
-1
djwcb
-1
djwcb
-1
djwcb
-1
djwnb
0
djwcb
-1
djwcb
-1
djwcb
-1
djwcb
-1
djwcb
-1
djwcb
-1
djwcb
-1
djwcb
-1
djwcb
-1
djwcb
-1
djwcb
-1
djwcb
-1
djwcb
-1
djwcb
-1
djwcb
-1
djwnb
0
djwcb
-1
djwcb
-1
djwcb
-1
djwcb
-1
djwcb
-1
djwcb
-1
djwnb
0
djwcb
-1
djwcb
-1
djwcb
-1
djwcb
-1
djwcb
-1
djwcb
-1
djwnb
0
djwcb
-1
djwcb
-1
djwcb
-1
djwnb
2
djwcb
-1
djwcb
-1
djwcb
-1
djwcb
-1
djwcb
-1
djwnb
0
djwnb
0
djwcb
-1
djwcb
-1
djwcb
-1
djwcb
-1
djwnb
0
djwnb
0
djwcb
-1
djwcb
-1
djwnb
0
djwnb
0
djwcb
-1
djwcb
-1
djwcb
-1
djwnb
0
djwnb
0
djwcb
-1
djwcb
-1
djwcb
-1
djwcb
-1
djwcb
-1
djwcb
-1
djwcb
-1
djwcb
-1
djwcb
-1
djwcb
-1
djwcb
-1
djwcb
-1
djwcb
-1
djwnb
0
djwcb
-1
djwnb
0
djwcb
-1
djwcb
-1
djwcb
-1
djwnb
0
djwcb
-1
djwcb
-1
djwcb
-1
djwcb
-1
djwcb
-1
djwcb
-1
djwcb
-1
djwnb
1
djwnb
0
djwcb
-1
djwcb
-1
djwcb
-1
djwcb
-1
djwcb
-1
djwcb
-1
djwnb
0
djwcb
-1
djwcb
-1
djwcb
-1
djwcb
-1
djwcb
-1
djwcb
-1
djwnb
0
djwcb
-1
djwcb
-1
djwcb
-1
djwcb
-1
djwcb
-1
djwnb
0
djwcb
-1
djwcb
-1
djwnb
0
djwcb
-1
djwcb
-1
djwnb
5
djwcb
-1
djwcb
-1
djwcb
-1
djwcb
-1
djwcb
-1
djwnb
0
djwcb
-1
djwcb
-1
djwcb
-1
djwcb
-1
djwnb
0
djwcb
-1
djwcb
-1
djwcb
-1
djwcb
-1
djwcb
-1
djwcb
-1
djwcb
-1
djwcb
-1
djwcb
-1
djwcb
-1
djwcb
-1
djwnb
0
djwcb
-1
djwnb
0
djwnb
0
djwcb
-1
djwnb
0
djwcb
-1
djwcb
-1
djwcb
-1
djwcb
-1
djwcb
-1
djwcb
-1
djwcb
-1
djwcb
-1
djwnb
0
djwcb
-1
djwcb
-1
djwcb
-1
djwcb
-1
djwcb
-1
djwcb
-1
djwcb
-1
djwcb
-1
djwcb
-1
djwnb
0
djwcb
-1
djwcb
-1
djwcb
-1
djwnb
0
djwnb
0
djwcb
-1
djwnb
0
djwnb
0
djwcb
-1
djwcb
-1
djwcb
-1
djwnb
0
djwcb
-1
djwcb
-1
djwcb
-1
djwcb
-1
djwcb
-1
djwcb
-1
djwcb
-1
djwcb
-1
djwcb
-1
djwcb
-1
djwcb
-1
djwcb
-1
djwcb
-1
djwcb
-1
djwcb
-1
djwcb
-1
djwcb
-1
djwcb
-1
djwcb
-1
djwcb
-1
djwcb
-1
djwnb
0
djwcb
-1
djwcb
-1
djwcb
-1
djwnb
0
djwcb
-1
djwnb
0
djwcb
-1
djwcb
-1
djwcb
-1
djwcb
-1
djwcb
-1
djwcb
-1
djwcb
-1
djwcb
-1
djwcb
-1
djwcb
-1
djwcb
-1
djwcb
-1
djwcb
-1
djwcb
-1
djwcb
-1
djwcb
-1
djwcb
-1
djwcb
-1
djwcb
-1
djwcb
-1
djwcb
-1
djwcb
-1
djwcb
-1
djwcb
-1
djwcb
-1
djwcb
-1
djwnb
0
djwcb
-1
djwcb
-1
djwcb
-1
djwnb
0
djwcb
-1
djwcb
-1
djwcb
-1
djwcb
-1
djwnb
0
djwcb
-1
djwcb
-1
djwcb
-1
djwcb
-1
djwcb
-1
djwcb
-1
djwcb
-1
djwnb
17
djwcb
-1
djwcb
-1
djwcb
-1
djwcb
-1
djwnb
0
djwcb
-1
djwcb
-1
djwcb
-1
djwnb
0
djwcb
-1
djwcb
-1
djwnb
0
djwcb
-1
djwcb
-1
djwcb
-1
djwcb
-1
djwcb
-1
djwcb
-1
djwnb
0
djwcb
-1
djwcb
-1
djwcb
-1
djwcb
-1
djwcb
-1
djwcb
-1
djwcb
-1
djwcb
-1
djwcb
-1
djwcb
-1
djwcb
-1
djwcb
-1
djwnb
0
djwcb
-1
djwcb
-1
djwcb
-1
djwcb
-1
djwnb
0
djwcb
-1
djwcb
-1
djwcb
-1
djwcb
-1
djwcb
-1
djwcb
-1
djwcb
-1
djwcb
-1
djwcb
-1
djwcb
-1
djwcb
-1
djwcb
-1
djwnb
2
djwcb
-1
djwcb
-1
djwcb
-1
djwcb
-1
djwcb
-1
djwcb
-1
djwcb
-1
djwcb
-1
djwcb
-1
djwcb
-1
djwcb
-1
djwnb
0
djwnb
2
djwcb
-1
djwcb
-1
djwcb
-1
djwcb
-1
djwcb
-1
djwcb
-1
djwcb
-1
djwcb
-1
djwcb
-1
djwcb
-1
djwcb
-1
djwcb
-1
djwnb
0
djwcb
-1
djwcb
-1
djwcb
-1
djwcb
-1
djwcb
-1
djwcb
-1
djwcb
-1
djwcb
-1
djwcb
-1
djwcb
-1
djwcb
-1
djwcb
-1
djwnb
1
djwcb
-1
djwcb
-1
djwcb
-1
djwcb
-1
djwcb
-1
djwcb
-1
djwcb
-1
djwcb
-1
djwcb
-1
djwcb
-1
djwcb
-1
djwcb
-1
djwcb
-1
djwcb
-1
djwcb
-1
djwcb
-1
djwcb
-1
djwcb
-1
djwcb
-1
djwcb
-1
djwcb
-1
djwcb
-1
djwcb
-1
djwcb
-1
djwcb
-1
djwcb
-1
djwcb
-1
djwcb
-1
djwcb
-1
djwcb
-1
djwcb
-1
djwcb
-1
djwcb
-1
djwcb
-1
djwcb
-1
djwcb
-1
djwcb
-1
djwcb
-1
djwnb
0
djwcb
-1
djwcb
-1
djwcb
-1
djwcb
-1
djwcb
-1
djwnb
0
djwcb
-1
djwnb
0
djwcb
-1
djwcb
-1
djwcb
-1
djwcb
-1
djwcb
-1
djwcb
-1
djwcb
-1
djwcb
-1
djwcb
-1
djwcb
-1
djwcb
-1
djwcb
-1
djwcb
-1
djwcb
-1
djwcb
-1
djwcb
-1
djwcb
-1
djwcb
-1
djwcb
-1
djwcb
-1
djwcb
-1
djwcb
-1
djwcb
-1
djwcb
-1
djwcb
-1
djwnb
1
djwcb
-1
djwcb
-1
djwcb
-1
djwcb
-1
djwcb
-1
djwcb
-1
djwcb
-1
djwcb
-1
djwcb
-1
djwcb
-1
djwcb
-1
djwcb
-1
djwcb
-1
djwcb
-1
djwnb
0
djwcb
-1
djwcb
-1
djwcb
-1
djwcb
-1
djwcb
-1
djwcb
-1
djwcb
-1
djwcb
-1
djwcb
-1
djwcb
-1
djwcb
-1
djwcb
-1
djwcb
-1
djwcb
-1
djwcb
-1
djwcb
-1
djwcb
-1
djwcb
-1
djwcb
-1
djwcb
-1
djwcb
-1
djwcb
-1
djwcb
-1
djwcb
-1
djwcb
-1
djwcb
-1
djwcb
-1
djwcb
-1
djwcb
-1
djwcb
-1
djwnb
0
djwcb
-1
djwcb
-1
djwcb
-1
djwcb
-1
djwcb
-1
djwcb
-1
djwcb
-1
djwcb
-1
djwcb
-1
djwnb
0
djwnb
0
djwcb
-1
djwcb
-1
djwcb
-1
djwcb
-1
djwcb
-1
djwcb
-1
djwcb
-1
djwnb
0
djwcb
-1
djwcb
-1
djwcb
-1
djwcb
-1
djwcb
-1
djwcb
-1
djwcb
-1
djwcb
-1
djwcb
-1
djwcb
-1
djwcb
-1
djwcb
-1
djwcb
-1
djwcb
-1
djwcb
-1
djwcb
-1
djwnb
0
djwcb
-1
djwcb
-1
djwcb
-1
djwcb
-1
djwcb
-1
djwnb
0
djwcb
-1
djwcb
-1
djwcb
-1
djwnb
0
djwcb
-1
djwcb
-1
djwcb
-1
djwcb
-1
djwcb
-1
djwcb
-1
djwcb
-1
djwcb
-1
djwnb
0
djwcb
-1
djwnb
0
djwnb
0
djwcb
-1
djwnb
0
djwcb
-1
djwcb
-1
djwcb
-1
djwcb
-1
djwcb
-1
djwcb
-1
djwcb
-1
djwcb
-1
djwcb
-1
djwcb
-1
djwcb
-1
djwcb
-1
djwcb
-1
djwnb
0
djwcb
-1
djwnb
0
djwcb
-1
djwnb
0
djwcb
-1
djwcb
-1
djwcb
-1
djwcb
-1
djwcb
-1
djwcb
-1
djwcb
-1
djwcb
-1
djwcb
-1
djwcb
-1
djwcb
-1
djwcb
-1
djwcb
-1
djwcb
-1
djwcb
-1
djwcb
-1
djwcb
-1
djwnb
0
djwcb
-1
djwcb
-1
djwcb
-1
djwnb
0
djwcb
-1
djwcb
-1
djwcb
-1
djwcb
-1
djwnb
0
djwcb
-1
djwcb
-1
djwnb
0
djwcb
-1
djwcb
-1
djwcb
-1
djwcb
-1
djwcb
-1
djwcb
-1
djwcb
-1
djwcb
-1
djwcb
-1
djwcb
-1
djwnb
0
djwcb
-1
djwnb
0
djwcb
-1
djwnb
1
djwcb
-1
djwcb
-1
djwcb
-1
djwnb
0
djwcb
-1
djwcb
-1
djwcb
-1
djwnb
2
djwcb
-1
djwnb
0
djwcb
-1
djwcb
-1
djwcb
-1
djwcb
-1
djwcb
-1
djwnb
0
djwcb
-1
djwcb
-1
djwcb
-1
djwcb
-1
djwcb
-1
djwcb
-1
djwcb
-1
djwcb
-1
djwnb
0
djwcb
-1
djwcb
-1
djwcb
-1
djwcb
-1
djwcb
-1
djwcb
-1
djwcb
-1
djwcb
-1
djwnb
0
djwcb
-1
djwcb
-1
djwcb
-1
djwcb
-1
djwcb
-1
djwcb
-1
djwcb
-1
djwcb
-1
djwcb
-1
djwcb
-1
djwnb
0
djwcb
-1
djwcb
-1
djwcb
-1
djwnb
0
djwcb
-1
djwcb
-1
djwcb
-1
djwcb
-1
djwnb
0
djwcb
-1
djwcb
-1
djwcb
-1
djwnb
0
djwcb
-1
djwcb
-1
djwcb
-1
djwcb
-1
djwcb
-1
djwnb
0
djwcb
-1
djwcb
-1
djwcb
-1
djwcb
-1
djwcb
-1
djwcb
-1
djwcb
-1
djwcb
-1
djwcb
-1
djwcb
-1
djwcb
-1
djwcb
-1
djwcb
-1
djwcb
-1
djwcb
-1
djwcb
-1
djwcb
-1
djwcb
-1
djwcb
-1
djwcb
-1
djwcb
-1
djwcb
-1
djwcb
-1
djwcb
-1
djwcb
-1
djwnb
0
djwcb
-1
djwnb
0
djwcb
-1
djwcb
-1
djwcb
-1
djwcb
-1
djwcb
-1
djwcb
-1
djwcb
-1
djwcb
-1
djwnb
0
djwcb
-1
djwcb
-1
djwcb
-1
djwcb
-1
djwcb
-1
djwcb
-1
djwnb
0
djwcb
-1
djwcb
-1
djwnb
0
djwcb
-1
djwcb
-1
djwcb
-1
djwcb
-1
djwcb
-1
djwcb
-1
djwcb
-1
djwcb
-1
djwnb
0
djwcb
-1
djwcb
-1
djwcb
-1
djwcb
-1
djwcb
-1
djwnb
0
djwcb
-1
djwnb
0
djwcb
-1
djwcb
-1
djwcb
-1
djwcb
-1
djwcb
-1
djwcb
-1
djwcb
-1
djwcb
-1
djwcb
-1
djwcb
-1
djwcb
-1
djwcb
-1
djwcb
-1
djwcb
-1
djwcb
-1
djwcb
-1
djwcb
-1
djwcb
-1
djwcb
-1
djwcb
-1
djwcb
-1
djwcb
-1
djwcb
-1
djwcb
-1
djwcb
-1
djwcb
-1
djwcb
-1
djwcb
-1
djwcb
-1
djwcb
-1
djwcb
-1
djwcb
-1
djwcb
-1
djwcb
-1
djwcb
-1
djwcb
-1
djwnb
0
djwcb
-1
djwnb
0
djwnb
0
djwcb
-1
djwcb
-1
djwcb
-1
djwcb
-1
djwcb
-1
djwcb
-1
djwnb
0
djwcb
-1
djwcb
-1
djwcb
-1
djwcb
-1
djwcb
-1
djwcb
-1
djwcb
-1
djwcb
-1
djwcb
-1
djwcb
-1
djwcb
-1
djwnb
0
djwnb
0
djwcb
-1
djwcb
-1
djwcb
-1
djwcb
-1
djwcb
-1
djwcb
-1
djwcb
-1
djwcb
-1
djwcb
-1
djwcb
-1
djwcb
-1
djwcb
-1
djwcb
-1
djwcb
-1
djwcb
-1
djwcb
-1
djwcb
-1
djwcb
-1
djwcb
-1
djwcb
-1
djwcb
-1
djwcb
-1
djwcb
-1
djwnb
0
djwcb
-1
djwcb
-1
djwcb
-1
djwcb
-1
djwcb
-1
djwcb
-1
djwnb
0
djwcb
-1
djwcb
-1
djwcb
-1
djwnb
2
djwcb
-1
djwcb
-1
djwcb
-1
djwcb
-1
djwcb
-1
djwcb
-1
djwcb
-1
djwcb
-1
djwcb
-1
djwcb
-1
djwcb
-1
djwcb
-1
djwcb
-1
djwcb
-1
djwnb
0
djwcb
-1
djwcb
-1
djwcb
-1
djwcb
-1
djwcb
-1
djwnb
0
djwcb
-1
djwcb
-1
djwcb
-1
djwcb
-1
djwcb
-1
djwcb
-1
djwnb
0
djwcb
-1
djwcb
-1
djwcb
-1
djwcb
-1
djwcb
-1
djwcb
-1
djwcb
-1
djwcb
-1
djwnb
0
djwnb
0
djwcb
-1
djwcb
-1
djwcb
-1
djwcb
-1
djwcb
-1
djwcb
-1
djwcb
-1
djwcb
-1
djwcb
-1
djwcb
-1
djwcb
-1
djwcb
-1
djwcb
-1
djwcb
-1
djwnb
0
djwcb
-1
djwcb
-1
djwcb
-1
djwnb
0
djwcb
-1
djwcb
-1
djwcb
-1
djwcb
-1
djwcb
-1
djwcb
-1
djwcb
-1
djwcb
-1
djwcb
-1
djwcb
-1
djwcb
-1
djwcb
-1
djwcb
-1
djwcb
-1
djwcb
-1
djwcb
-1
djwcb
-1
djwcb
-1
djwcb
-1
djwcb
-1
djwnb
0
djwnb
0
djwcb
-1
djwcb
-1
djwnb
11
djwcb
-1
djwcb
-1
djwnb
0
djwcb
-1
djwcb
-1
djwcb
-1
djwcb
-1
djwcb
-1
djwcb
-1
djwnb
0
djwnb
0
djwcb
-1
djwcb
-1
djwcb
-1
djwcb
-1
djwcb
-1
djwcb
-1
djwcb
-1
djwcb
-1
djwcb
-1
djwcb
-1
djwnb
0
djwcb
-1
djwcb
-1
djwcb
-1
djwcb
-1
djwcb
-1
djwcb
-1
djwcb
-1
djwcb
-1
djwcb
-1
djwcb
-1
djwcb
-1
djwcb
-1
djwcb
-1
djwcb
-1
djwcb
-1
djwcb
-1
djwcb
-1
djwcb
-1
djwcb
-1
djwcb
-1
djwcb
-1
djwcb
-1
djwcb
-1
djwcb
-1
djwcb
-1
djwcb
-1
djwnb
0
djwcb
-1
djwcb
-1
djwcb
-1
djwnb
2
djwnb
0
djwcb
-1
djwcb
-1
djwcb
-1
djwcb
-1
djwcb
-1
djwcb
-1
djwcb
-1
djwcb
-1
djwcb
-1
djwcb
-1
djwcb
-1
djwcb
-1
djwcb
-1
djwcb
-1
djwnb
0
djwcb
-1
djwcb
-1
djwcb
-1
djwcb
-1
djwcb
-1
djwnb
0
djwcb
-1
djwcb
-1
djwcb
-1
djwcb
-1
djwcb
-1
djwnb
0
djwcb
-1
djwcb
-1
djwcb
-1
djwcb
-1
djwnb
2
djwcb
-1
djwcb
-1
djwcb
-1
djwnb
0
djwcb
-1
djwcb
-1
djwcb
-1
djwcb
-1
djwcb
-1
djwnb
0
djwnb
2
djwnb
0
djwcb
-1
djwnb
0
djwnb
0
djwcb
-1
djwcb
-1
djwcb
-1
djwcb
-1
djwcb
-1
djwcb
-1
djwcb
-1
djwcb
-1
djwcb
-1
djwnb
0
djwcb
-1
djwcb
-1
djwnb
0
djwcb
-1
djwcb
-1
djwnb
0
djwcb
-1
djwcb
-1
djwcb
-1
djwcb
-1
djwcb
-1
djwcb
-1
djwcb
-1
djwcb
-1
djwcb
-1
djwcb
-1
djwcb
-1
djwcb
-1
djwnb
1
djwcb
-1
djwnb
0
djwcb
-1
djwcb
-1
djwcb
-1
djwcb
-1
djwcb
-1
djwnb
0
djwcb
-1
djwcb
-1
djwcb
-1
djwcb
-1
djwcb
-1
djwcb
-1
djwcb
-1
djwcb
-1
djwcb
-1
djwcb
-1
djwnb
0
djwnb
0
djwnb
0
djwcb
-1
djwcb
-1
djwcb
-1
djwcb
-1
djwcb
-1
djwcb
-1
djwcb
-1
djwcb
-1
djwcb
-1
djwcb
-1
djwcb
-1
djwcb
-1
djwcb
-1
djwcb
-1
djwnb
0
djwcb
-1
djwcb
-1
djwcb
-1
djwcb
-1
djwnb
0
djwcb
-1
djwcb
-1
djwcb
-1
djwcb
-1
djwcb
-1
djwcb
-1
djwcb
-1
djwcb
-1
djwcb
-1
djwcb
-1
djwcb
-1
djwcb
-1
djwcb
-1
djwcb
-1
djwcb
-1
djwcb
-1
djwcb
-1
djwnb
0
djwcb
-1
djwcb
-1
djwcb
-1
djwcb
-1
djwnb
0
djwcb
-1
djwcb
-1
djwcb
-1
djwcb
-1
djwcb
-1
djwcb
-1
djwcb
-1
djwcb
-1
djwcb
-1
djwcb
-1
djwcb
-1
djwcb
-1
djwnb
0
djwcb
-1
djwcb
-1
djwcb
-1
djwcb
-1
djwcb
-1
djwcb
-1
djwcb
-1
djwnb
0
djwnb
0
djwcb
-1
djwcb
-1
djwnb
0
djwnb
0
djwcb
-1
djwnb
0
djwcb
-1
djwcb
-1
djwcb
-1
djwcb
-1
djwcb
-1
djwcb
-1
djwcb
-1
djwcb
-1
djwcb
-1
djwcb
-1
djwcb
-1
djwnb
0
djwcb
-1
djwcb
-1
djwcb
-1
djwcb
-1
djwnb
0
djwnb
0
djwcb
-1
djwcb
-1
djwcb
-1
djwcb
-1
djwcb
-1
djwcb
-1
djwcb
-1
djwnb
8
djwcb
-1
djwcb
-1
djwcb
-1
djwcb
-1
djwnb
0
djwcb
-1
djwcb
-1
djwcb
-1
djwnb
0
djwcb
-1
djwcb
-1
djwcb
-1
djwcb
-1
djwcb
-1
djwcb
-1
djwcb
-1
djwcb
-1
djwcb
-1
djwcb
-1
djwcb
-1
djwcb
-1
djwcb
-1
djwcb
-1
djwnb
0
djwcb
-1
djwcb
-1
djwnb
0
djwcb
-1
djwnb
0
djwnb
0
djwcb
-1
djwcb
-1
djwcb
-1
djwcb
-1
djwcb
-1
djwcb
-1
djwcb
-1
djwnb
2
djwnb
0
djwnb
0
djwcb
-1
djwcb
-1
djwcb
-1
djwcb
-1
djwcb
-1
djwnb
0
djwcb
-1
djwcb
-1
djwcb
-1
djwcb
-1
djwcb
-1
djwcb
-1
djwcb
-1
djwnb
0
djwcb
-1
djwcb
-1
djwcb
-1
djwcb
-1
djwcb
-1
djwcb
-1
djwcb
-1
djwcb
-1
djwcb
-1
djwcb
-1
djwcb
-1
djwcb
-1
djwcb
-1
djwcb
-1
djwcb
-1
djwcb
-1
djwcb
-1
djwcb
-1
djwcb
-1
djwcb
-1
djwcb
-1
djwcb
-1
djwcb
-1
djwcb
-1
djwcb
-1
djwcb
-1
djwnb
0
djwcb
-1
djwcb
-1
djwnb
0
djwnb
0
djwcb
-1
djwcb
-1
djwcb
-1
djwnb
0
djwnb
0
djwnb
0
djwcb
-1
djwcb
-1
djwcb
-1
djwnb
0
djwcb
-1
djwcb
-1
djwcb
-1
djwcb
-1
djwcb
-1
djwcb
-1
djwcb
-1
djwnb
0
djwcb
-1
djwnb
0
djwcb
-1
djwcb
-1
djwcb
-1
djwcb
-1
djwcb
-1
djwcb
-1
djwcb
-1
djwcb
-1
djwcb
-1
djwcb
-1
djwcb
-1
djwcb
-1
djwcb
-1
djwcb
-1
djwcb
-1
djwcb
-1
djwcb
-1
djwcb
-1
djwcb
-1
djwcb
-1
djwcb
-1
djwcb
-1
djwcb
-1
djwnb
0
djwcb
-1
djwcb
-1
djwnb
0
djwcb
-1
djwnb
0
djwcb
-1
djwcb
-1
djwcb
-1
djwcb
-1
djwcb
-1
djwcb
-1
djwcb
-1
djwcb
-1
djwcb
-1
djwcb
-1
djwcb
-1
djwcb
-1
djwnb
0
djwnb
0
djwcb
-1
djwcb
-1
djwnb
0
djwcb
-1
djwcb
-1
djwcb
-1
djwcb
-1
djwcb
-1
djwcb
-1
djwcb
-1
djwcb
-1
djwnb
0
djwcb
-1
djwcb
-1
djwcb
-1
djwcb
-1
djwcb
-1
djwnb
0
djwcb
-1
djwcb
-1
djwcb
-1
djwcb
-1
djwcb
-1
djwcb
-1
djwcb
-1
djwcb
-1
djwcb
-1
djwcb
-1
djwcb
-1
djwnb
0
djwcb
-1
djwcb
-1
djwcb
-1
djwcb
-1
djwcb
-1
djwcb
-1
djwnb
2
djwcb
-1
djwcb
-1
djwnb
0
djwcb
-1
djwcb
-1
djwnb
0
djwcb
-1
djwcb
-1
djwcb
-1
djwnb
0
djwcb
-1
djwcb
-1
djwcb
-1
djwcb
-1
djwcb
-1
djwcb
-1
djwcb
-1
djwcb
-1
djwcb
-1
djwcb
-1
djwcb
-1
djwcb
-1
djwnb
1
djwnb
0
djwcb
-1
djwcb
-1
djwcb
-1
djwcb
-1
djwcb
-1
djwcb
-1
djwcb
-1
djwcb
-1
djwcb
-1
djwcb
-1
djwcb
-1
djwcb
-1
djwnb
0
djwcb
-1
djwcb
-1
djwcb
-1
djwcb
-1
djwcb
-1
djwcb
-1
djwcb
-1
djwcb
-1
djwcb
-1
djwcb
-1
djwcb
-1
djwcb
-1
djwcb
-1
djwnb
0
djwcb
-1
djwcb
-1
djwcb
-1
djwcb
-1
djwcb
-1
djwcb
-1
djwcb
-1
djwcb
-1
djwcb
-1
djwcb
-1
djwnb
0
djwnb
0
djwcb
-1
djwcb
-1
djwcb
-1
djwcb
-1
djwcb
-1
djwcb
-1
djwcb
-1
djwcb
-1
djwcb
-1
djwcb
-1
djwcb
-1
djwcb
-1
djwcb
-1
djwnb
0
djwcb
-1
djwcb
-1
djwcb
-1
djwcb
-1
djwcb
-1
djwcb
-1
djwnb
0
djwcb
-1
djwcb
-1
djwcb
-1
djwcb
-1
djwnb
0
djwcb
-1
djwcb
-1
djwcb
-1
djwnb
0
djwcb
-1
djwcb
-1
djwcb
-1
djwcb
-1
djwcb
-1
djwcb
-1
djwcb
-1
djwcb
-1
djwcb
-1
djwcb
-1
djwcb
-1
djwcb
-1
djwcb
-1
djwcb
-1
djwnb
1
djwcb
-1
djwcb
-1
djwcb
-1
djwcb
-1
djwcb
-1
djwcb
-1
djwcb
-1
djwcb
-1
djwcb
-1
djwcb
-1
djwcb
-1
djwcb
-1
djwcb
-1
djwcb
-1
djwcb
-1
djwcb
-1
djwcb
-1
djwnb
0
djwcb
-1
djwcb
-1
djwcb
-1
djwcb
-1
djwcb
-1
djwnb
0
djwcb
-1
djwcb
-1
djwcb
-1
djwcb
-1
djwcb
-1
djwcb
-1
djwcb
-1
djwcb
-1
djwnb
0
djwcb
-1
djwcb
-1
djwnb
0
djwcb
-1
djwcb
-1
djwcb
-1
djwcb
-1
djwcb
-1
djwcb
-1
djwcb
-1
djwcb
-1
djwcb
-1
djwnb
0
djwcb
-1
djwcb
-1
djwcb
-1
djwcb
-1
djwcb
-1
djwcb
-1
djwnb
0
djwcb
-1
djwcb
-1
djwcb
-1
djwnb
0
djwcb
-1
djwcb
-1
djwnb
0
djwcb
-1
djwcb
-1
djwcb
-1
djwcb
-1
djwcb
-1
djwnb
0
djwnb
0
djwcb
-1
djwcb
-1
djwcb
-1
djwcb
-1
djwnb
0
djwcb
-1
djwcb
-1
djwcb
-1
djwcb
-1
djwcb
-1
djwcb
-1
djwcb
-1
djwnb
0
djwcb
-1
djwcb
-1
djwcb
-1
djwcb
-1
djwcb
-1
djwcb
-1
djwcb
-1
djwcb
-1
djwcb
-1
djwcb
-1
djwcb
-1
djwcb
-1
djwnb
0
djwcb
-1
djwcb
-1
djwcb
-1
djwnb
0
djwnb
2
djwcb
-1
djwcb
-1
djwcb
-1
djwcb
-1
djwcb
-1
djwcb
-1
djwcb
-1
djwcb
-1
djwcb
-1
djwcb
-1
djwcb
-1
djwcb
-1
djwnb
0
djwcb
-1
djwcb
-1
djwcb
-1
djwcb
-1
djwnb
0
djwcb
-1
djwcb
-1
djwcb
-1
djwnb
0
djwcb
-1
djwcb
-1
djwnb
0
djwcb
-1
djwcb
-1
djwcb
-1
djwcb
-1
djwcb
-1
djwcb
-1
djwcb
-1
djwcb
-1
djwcb
-1
djwnb
0
djwcb
-1
djwcb
-1
djwcb
-1
djwcb
-1
djwcb
-1
djwcb
-1
djwcb
-1
djwcb
-1
djwcb
-1
djwcb
-1
djwcb
-1
djwcb
-1
djwcb
-1
djwcb
-1
djwcb
-1
djwcb
-1
djwcb
-1
djwcb
-1
djwnb
2
djwcb
-1
djwcb
-1
djwcb
-1
djwcb
-1
djwcb
-1
djwcb
-1
djwcb
-1
djwcb
-1
djwcb
-1
djwcb
-1
djwnb
0
djwcb
-1
djwcb
-1
djwcb
-1
djwcb
-1
djwcb
-1
djwcb
-1
djwnb
0
djwnb
0
djwcb
-1
djwcb
-1
djwcb
-1
djwcb
-1
djwcb
-1
djwcb
-1
djwcb
-1
djwcb
-1
djwcb
-1
djwcb
-1
djwcb
-1
djwnb
0
djwcb
-1
djwcb
-1
djwcb
-1
djwcb
-1
djwcb
-1
djwcb
-1
djwcb
-1
djwcb
-1
djwcb
-1
djwcb
-1
djwcb
-1
djwnb
0
djwnb
0
djwcb
-1
djwcb
-1
djwcb
-1
djwcb
-1
djwcb
-1
djwcb
-1
djwcb
-1
djwnb
0
djwcb
-1
djwcb
-1
djwcb
-1
djwcb
-1
djwcb
-1
djwcb
-1
djwcb
-1
djwnb
0
djwcb
-1
djwcb
-1
djwcb
-1
djwcb
-1
djwcb
-1
djwcb
-1
djwcb
-1
djwcb
-1
djwcb
-1
djwcb
-1
djwcb
-1
djwcb
-1
djwcb
-1
djwcb
-1
djwcb
-1
djwcb
-1
djwcb
-1
djwcb
-1
djwcb
-1
djwcb
-1
djwcb
-1
djwcb
-1
djwcb
-1
djwcb
-1
djwcb
-1
djwnb
0
djwcb
-1
djwcb
-1
djwcb
-1
djwcb
-1
djwcb
-1
djwnb
0
djwcb
-1
djwcb
-1
djwcb
-1
djwcb
-1
djwnb
0
djwnb
0
djwcb
-1
djwcb
-1
djwcb
-1
djwcb
-1
djwnb
0
djwcb
-1
djwcb
-1
djwcb
-1
djwcb
-1
djwcb
-1
djwcb
-1
djwcb
-1
djwcb
-1
djwcb
-1
djwcb
-1
djwcb
-1
djwnb
0
djwcb
-1
djwcb
-1
djwcb
-1
djwcb
-1
djwcb
-1
djwnb
0
djwcb
-1
djwcb
-1
djwcb
-1
djwnb
0
djwcb
-1
djwnb
0
djwnb
0
djwcb
-1
djwcb
-1
djwnb
0
djwcb
-1
djwcb
-1
djwcb
-1
djwcb
-1
djwcb
-1
djwcb
-1
djwnb
0
djwcb
-1
djwcb
-1
djwcb
-1
djwcb
-1
djwnb
0
djwnb
0
djwcb
-1
djwcb
-1
djwcb
-1
djwnb
0
djwcb
-1
djwcb
-1
djwcb
-1
djwcb
-1
djwcb
-1
djwcb
-1
djwnb
1
djwcb
-1
djwcb
-1
djwcb
-1
djwcb
-1
djwnb
0
djwcb
-1
djwcb
-1
djwcb
-1
djwcb
-1
djwcb
-1
djwcb
-1
djwcb
-1
djwcb
-1
djwcb
-1
djwcb
-1
djwcb
-1
djwcb
-1
djwnb
0
djwcb
-1
djwcb
-1
djwcb
-1
djwcb
-1
djwcb
-1
djwcb
-1
djwcb
-1
djwcb
-1
djwcb
-1
djwcb
-1
djwcb
-1
djwnb
0
djwnb
0
djwcb
-1
djwcb
-1
djwcb
-1
djwcb
-1
djwcb
-1
djwcb
-1
djwcb
-1
djwcb
-1
djwcb
-1
djwcb
-1
djwnb
0
djwcb
-1
djwcb
-1
djwcb
-1
djwcb
-1
djwcb
-1
djwcb
-1
djwcb
-1
djwcb
-1
djwcb
-1
djwcb
-1
djwcb
-1
djwcb
-1
djwcb
-1
djwcb
-1
djwcb
-1
djwnb
0
djwcb
-1
djwnb
0
djwcb
-1
djwcb
-1
djwnb
0
djwcb
-1
djwnb
8
djwnb
0
djwcb
-1
djwcb
-1
djwcb
-1
djwcb
-1
djwcb
-1
djwnb
0
djwcb
-1
djwcb
-1
djwcb
-1
djwcb
-1
djwcb
-1
djwcb
-1
djwcb
-1
djwcb
-1
djwcb
-1
djwnb
0
djwcb
-1
djwcb
-1
djwnb
0
djwcb
-1
djwcb
-1
djwnb
0
djwcb
-1
djwcb
-1
djwcb
-1
djwcb
-1
djwcb
-1
djwcb
-1
djwnb
0
djwnb
0
djwcb
-1
djwcb
-1
djwcb
-1
djwcb
-1
djwcb
-1
djwnb
0
djwcb
-1
djwcb
-1
djwnb
0
djwcb
-1
djwcb
-1
djwcb
-1
djwcb
-1
djwcb
-1
djwcb
-1
djwcb
-1
djwcb
-1
djwcb
-1
djwcb
-1
djwcb
-1
djwcb
-1
djwcb
-1
djwcb
-1
djwcb
-1
djwcb
-1
djwcb
-1
djwcb
-1
djwcb
-1
djwcb
-1
djwcb
-1
djwnb
0
djwcb
-1
djwnb
0
djwcb
-1
djwcb
-1
djwcb
-1
djwcb
-1
djwcb
-1
djwcb
-1
djwcb
-1
djwcb
-1
djwnb
0
djwcb
-1
djwcb
-1
djwcb
-1
djwcb
-1
djwcb
-1
djwcb
-1
djwnb
0
djwcb
-1
djwcb
-1
djwcb
-1
djwcb
-1
djwcb
-1
djwcb
-1
djwcb
-1
djwcb
-1
djwcb
-1
djwcb
-1
djwnb
1
djwcb
-1
djwcb
-1
djwcb
-1
djwcb
-1
djwcb
-1
djwcb
-1
djwcb
-1
djwcb
-1
djwcb
-1
djwcb
-1
djwcb
-1
djwcb
-1
djwcb
-1
djwcb
-1
djwcb
-1
djwnb
11
djwcb
-1
djwcb
-1
djwcb
-1
djwcb
-1
djwcb
-1
djwcb
-1
djwcb
-1
djwcb
-1
djwcb
-1
djwcb
-1
djwcb
-1
djwnb
0
djwcb
-1
djwcb
-1
djwcb
-1
djwcb
-1
djwcb
-1
djwcb
-1
djwcb
-1
djwcb
-1
djwnb
0
djwcb
-1
djwcb
-1
djwcb
-1
djwcb
-1
djwcb
-1
djwcb
-1
djwcb
-1
djwcb
-1
djwnb
0
djwcb
-1
djwcb
-1
djwnb
0
djwcb
-1
djwcb
-1
djwcb
-1
djwcb
-1
djwnb
0
djwnb
0
djwcb
-1
djwcb
-1
djwcb
-1
djwcb
-1
djwcb
-1
djwnb
0
djwcb
-1
djwcb
-1
djwcb
-1
djwcb
-1
djwcb
-1
djwcb
-1
djwcb
-1
djwnb
0
djwcb
-1
djwcb
-1
djwcb
-1
djwcb
-1
djwcb
-1
djwcb
-1
djwcb
-1
djwcb
-1
djwcb
-1
djwcb
-1
djwcb
-1
djwcb
-1
djwnb
0
djwcb
-1
djwcb
-1
djwnb
0
djwcb
-1
djwcb
-1
djwcb
-1
djwcb
-1
djwcb
-1
djwcb
-1
djwcb
-1
djwcb
-1
djwcb
-1
djwcb
-1
djwcb
-1
djwcb
-1
djwcb
-1
djwcb
-1
djwcb
-1
djwcb
-1
djwcb
-1
djwcb
-1
djwcb
-1
djwnb
0
djwcb
-1
djwcb
-1
djwcb
-1
djwnb
0
djwcb
-1
djwcb
-1
djwcb
-1
djwcb
-1
djwcb
-1
djwcb
-1
djwcb
-1
djwcb
-1
djwcb
-1
djwnb
0
djwcb
-1
djwcb
-1
djwcb
-1
djwcb
-1
djwcb
-1
djwcb
-1
djwcb
-1
djwcb
-1
djwcb
-1
djwcb
-1
djwcb
-1
djwcb
-1
djwcb
-1
djwcb
-1
djwcb
-1
djwcb
-1
djwcb
-1
djwcb
-1
djwcb
-1
djwcb
-1
djwcb
-1
djwcb
-1
djwcb
-1
djwcb
-1
djwnb
0
djwcb
-1
djwcb
-1
djwcb
-1
djwcb
-1
djwnb
0
djwcb
-1
djwcb
-1
djwcb
-1
djwcb
-1
djwcb
-1
djwnb
0
djwnb
0
djwnb
0
djwcb
-1
djwcb
-1
djwcb
-1
djwcb
-1
djwcb
-1
djwcb
-1
djwcb
-1
djwnb
0
djwcb
-1
djwcb
-1
djwcb
-1
djwcb
-1
djwcb
-1
djwcb
-1
djwcb
-1
djwcb
-1
djwnb
0
djwcb
-1
djwcb
-1
djwcb
-1
djwcb
-1
djwcb
-1
djwcb
-1
djwnb
0
djwcb
-1
djwcb
-1
djwcb
-1
djwcb
-1
djwcb
-1
djwcb
-1
djwcb
-1
djwcb
-1
djwcb
-1
djwcb
-1
djwcb
-1
djwcb
-1
djwcb
-1
djwcb
-1
