djwcb
-1
djwcb
-1
djwnb
0
djwnb
0
djwnb
0
djwcb
-1
djwcb
-1
djwnb
0
djwcb
-1
djwcb
-1
djwcb
-1
djwcb
-1
djwnb
0
djwcb
-1
djwcb
-1
djwcb
-1
djwcb
-1
djwcb
-1
djwcb
-1
djwcb
-1
djwcb
-1
djwcb
-1
djwcb
-1
djwcb
-1
djwnb
0
djwnb
0
djwcb
-1
djwnb
0
djwcb
-1
djwnb
0
djwcb
-1
djwcb
-1
djwcb
-1
djwcb
-1
djwnb
0
djwcb
-1
djwcb
-1
djwcb
-1
djwcb
-1
djwcb
-1
djwcb
-1
djwcb
-1
djwcb
-1
djwcb
-1
djwcb
-1
djwcb
-1
djwcb
-1
djwnb
0
djwcb
-1
djwcb
-1
djwnb
0
djwcb
-1
djwcb
-1
djwcb
-1
djwcb
-1
djwcb
-1
djwcb
-1
djwcb
-1
djwcb
-1
djwcb
-1
djwcb
-1
djwnb
0
djwcb
-1
djwcb
-1
djwcb
-1
djwcb
-1
djwcb
-1
djwcb
-1
djwcb
-1
djwcb
-1
djwcb
-1
djwnb
0
djwcb
-1
djwcb
-1
djwcb
-1
djwcb
-1
djwnb
0
djwcb
-1
djwcb
-1
djwcb
-1
djwcb
-1
djwcb
-1
djwcb
-1
djwnb
0
djwcb
-1
djwcb
-1
djwcb
-1
djwcb
-1
djwcb
-1
djwcb
-1
djwcb
-1
djwcb
-1
djwnb
0
djwcb
-1
djwcb
-1
djwcb
-1
djwcb
-1
djwcb
-1
djwcb
-1
djwcb
-1
djwcb
-1
djwnb
0
djwcb
-1
djwcb
-1
djwnb
0
djwcb
-1
djwcb
-1
djwnb
0
djwcb
-1
djwnb
0
djwcb
-1
djwcb
-1
djwcb
-1
djwcb
-1
djwcb
-1
djwcb
-1
djwcb
-1
djwcb
-1
djwcb
-1
djwcb
-1
djwcb
-1
djwnb
0
djwcb
-1
djwcb
-1
djwcb
-1
djwcb
-1
djwcb
-1
djwcb
-1
djwcb
-1
djwcb
-1
djwcb
-1
djwcb
-1
djwcb
-1
djwcb
-1
djwcb
-1
djwcb
-1
djwcb
-1
djwcb
-1
djwcb
-1
djwcb
-1
djwnb
0
djwcb
-1
djwcb
-1
djwcb
-1
djwnb
0
djwcb
-1
djwcb
-1
djwcb
-1
djwcb
-1
djwnb
0
djwcb
-1
djwnb
0
djwnb
2
djwnb
0
djwcb
-1
djwcb
-1
djwcb
-1
djwcb
-1
djwcb
-1
djwcb
-1
djwcb
-1
djwcb
-1
djwnb
1
djwcb
-1
djwcb
-1
djwcb
-1
djwcb
-1
djwcb
-1
djwnb
0
djwcb
-1
djwcb
-1
djwcb
-1
djwnb
0
djwcb
-1
djwcb
-1
djwcb
-1
djwcb
-1
djwcb
-1
djwcb
-1
djwcb
-1
djwcb
-1
djwcb
-1
djwcb
-1
djwnb
0
djwcb
-1
djwcb
-1
djwcb
-1
djwcb
-1
djwcb
-1
djwcb
-1
djwcb
-1
djwcb
-1
djwcb
-1
djwnb
0
djwcb
-1
djwcb
-1
djwcb
-1
djwcb
-1
djwcb
-1
djwcb
-1
djwcb
-1
